// Jest Snapshot v1, https://goo.gl/fbAQLP

exports[`returns error if not authenticated 1`] = `
Object {
  "data": null,
  "errors": Array [
    Object {
      "locations": Array [
        Object {
          "column": 9,
          "line": 3,
        },
      ],
      "message": "Not authenticated",
      "path": Array [
        "post",
      ],
    },
  ],
}
`;

exports[`successful 1`] = `
Object {
  "data": Object {
    "post": Object {
      "description": "Cermamu tidrucnil nulus javwojzov dukkahkor.",
      "id": 1,
      "postedBy": Object {
        "id": 1,
        "name": "Josephine",
      },
      "url": "http://iloemfa.de/magila",
      "votes": Array [],
    },
  },
}
`;
