// Jest Snapshot v1, https://goo.gl/fbAQLP

exports[`new link 1`] = `
Object {
  "newLink": Object {
    "description": "Pevva haekaop lo be mi.",
    "id": "2",
    "postedBy": Object {
      "id": "1",
      "name": "Leo",
    },
    "url": "http://zukame.az/folpodni",
  },
}
`;

exports[`new vote 1`] = `
Object {
  "newVote": Object {
    "id": "1",
    "link": Object {
      "description": "Og ah nesriaco ge aziaw.",
      "url": "http://fopone.ai/pibene",
    },
    "user": Object {
      "email": "jappadoh@jub.mm",
      "name": "Leo",
    },
  },
}
`;
