// Jest Snapshot v1, https://goo.gl/fbAQLP

exports[`new link 1`] = `
Object {
  "newLink": Object {
    "description": "Velaz fo soevu we du.",
    "id": "2",
    "postedBy": Object {
      "id": "1",
      "name": "Mildred",
    },
    "url": "http://lah.cm/casa",
  },
}
`;

exports[`new vote 1`] = `
Object {
  "newVote": Object {
    "id": "1",
    "link": Object {
      "description": "Niwobma sipjatgad pawwopda gu sa.",
      "url": "http://lur.sg/mez",
    },
    "user": Object {
      "email": "behrueri@zu.uk",
      "name": "Mildred",
    },
  },
}
`;
